// Jest Snapshot v1, https://goo.gl/fbAQLP

exports[`Piano calls renderPianoKey() with the expected props 1`] = `
Array [
  Array [
    Object {
      "isNoteAccidental": false,
      "isNotePlaying": false,
      "keyboardShortcuts": Array [],
      "note": "C1",
      "startPlayingNote": [Function],
      "stopPlayingNote": [Function],
    },
  ],
  Array [
    Object {
      "isNoteAccidental": true,
      "isNotePlaying": false,
      "keyboardShortcuts": Array [],
      "note": "C#1",
      "startPlayingNote": [Function],
      "stopPlayingNote": [Function],
    },
  ],
  Array [
    Object {
      "isNoteAccidental": false,
      "isNotePlaying": false,
      "keyboardShortcuts": Array [],
      "note": "D1",
      "startPlayingNote": [Function],
      "stopPlayingNote": [Function],
    },
  ],
  Array [
    Object {
      "isNoteAccidental": true,
      "isNotePlaying": false,
      "keyboardShortcuts": Array [],
      "note": "D#1",
      "startPlayingNote": [Function],
      "stopPlayingNote": [Function],
    },
  ],
  Array [
    Object {
      "isNoteAccidental": false,
      "isNotePlaying": false,
      "keyboardShortcuts": Array [],
      "note": "E1",
      "startPlayingNote": [Function],
      "stopPlayingNote": [Function],
    },
  ],
  Array [
    Object {
      "isNoteAccidental": false,
      "isNotePlaying": false,
      "keyboardShortcuts": Array [],
      "note": "F1",
      "startPlayingNote": [Function],
      "stopPlayingNote": [Function],
    },
  ],
  Array [
    Object {
      "isNoteAccidental": true,
      "isNotePlaying": false,
      "keyboardShortcuts": Array [],
      "note": "F#1",
      "startPlayingNote": [Function],
      "stopPlayingNote": [Function],
    },
  ],
  Array [
    Object {
      "isNoteAccidental": false,
      "isNotePlaying": false,
      "keyboardShortcuts": Array [],
      "note": "G1",
      "startPlayingNote": [Function],
      "stopPlayingNote": [Function],
    },
  ],
  Array [
    Object {
      "isNoteAccidental": true,
      "isNotePlaying": false,
      "keyboardShortcuts": Array [],
      "note": "G#1",
      "startPlayingNote": [Function],
      "stopPlayingNote": [Function],
    },
  ],
  Array [
    Object {
      "isNoteAccidental": false,
      "isNotePlaying": false,
      "keyboardShortcuts": Array [],
      "note": "A1",
      "startPlayingNote": [Function],
      "stopPlayingNote": [Function],
    },
  ],
  Array [
    Object {
      "isNoteAccidental": true,
      "isNotePlaying": false,
      "keyboardShortcuts": Array [],
      "note": "A#1",
      "startPlayingNote": [Function],
      "stopPlayingNote": [Function],
    },
  ],
  Array [
    Object {
      "isNoteAccidental": false,
      "isNotePlaying": false,
      "keyboardShortcuts": Array [],
      "note": "B1",
      "startPlayingNote": [Function],
      "stopPlayingNote": [Function],
    },
  ],
  Array [
    Object {
      "isNoteAccidental": false,
      "isNotePlaying": false,
      "keyboardShortcuts": Array [],
      "note": "C2",
      "startPlayingNote": [Function],
      "stopPlayingNote": [Function],
    },
  ],
]
`;
